// Jest Snapshot v1, https://goo.gl/fbAQLP

exports[`<Button /> renders a default button 1`] = `"<button type=\\"button\\" class=\\"c-btn\\">Hello world!</button>"`;

exports[`<Button /> renders a destructive button 1`] = `"<button type=\\"button\\" class=\\"c-btn c-btn--destructive\\">Hello world!</button>"`;

exports[`<Button /> renders a primary button 1`] = `"<button type=\\"button\\" class=\\"c-btn c-btn--primary\\">Hello world!</button>"`;

exports[`<Button /> renders a rounded button 1`] = `"<button type=\\"button\\" class=\\"c-btn radius-full\\">Hello world!</button>"`;

exports[`<Button /> renders a secondary button 1`] = `"<button type=\\"button\\" class=\\"c-btn c-btn--secondary\\">Hello world!</button>"`;

exports[`<Button /> renders with a tooltip 1`] = `"<button type=\\"button\\" class=\\"c-btn crayons-tooltip__activator\\">Hello world!<span data-testid=\\"tooltip\\" class=\\"crayons-tooltip__content\\">tooltip text</span></button>"`;

exports[`<Button /> renders with additional classnames 1`] = `"<button type=\\"button\\" class=\\"c-btn one two three\\">Hello world!</button>"`;

exports[`<Button /> renders with an icon and text 1`] = `"<button type=\\"button\\" class=\\"c-btn c-btn--icon-left\\"><svg class=\\"crayons-icon c-btn__icon\\" aria-hidden=\\"true\\" focusable=\\"false\\" width=\\"24\\" height=\\"24\\" viewBox=\\"0 0 24 24\\" xmlns=\\"http://www.w3.org/2000/svg\\"><path d=\\"m12 1 9.5 5.5v11L12 23l-9.5-5.5v-11L12 1zm0 2.311L4.5 7.653v8.694l7.5 4.342 7.5-4.342V7.653L12 3.311zM12 16a4 4 0 1 1 0-8 4 4 0 0 1 0 8zm0-2a2 2 0 1 0 0-4 2 2 0 0 0 0 4z\\"></path></svg>Hello world!</button>"`;

exports[`<Button /> renders with an icon only 1`] = `"<button type=\\"button\\" class=\\"c-btn c-btn--icon-alone\\"><svg class=\\"crayons-icon c-btn__icon\\" aria-hidden=\\"true\\" focusable=\\"false\\" width=\\"24\\" height=\\"24\\" viewBox=\\"0 0 24 24\\" xmlns=\\"http://www.w3.org/2000/svg\\"><path d=\\"m12 1 9.5 5.5v11L12 23l-9.5-5.5v-11L12 1zm0 2.311L4.5 7.653v8.694l7.5 4.342 7.5-4.342V7.653L12 3.311zM12 16a4 4 0 1 1 0-8 4 4 0 0 1 0 8zm0-2a2 2 0 1 0 0-4 2 2 0 0 0 0 4z\\"></path></svg></button>"`;

exports[`<Button /> should render a button as a specific button type (HTML type attribute) when buttonType is set. 1`] = `"<button type=\\"submit\\" class=\\"c-btn\\">Hello world!</button>"`;
