// Jest Snapshot v1, https://goo.gl/fbAQLP

exports[`<MultiSelectAutocomplete /> renders default UI 1`] = `"<span aria-hidden=\\"true\\" class=\\"absolute pointer-events-none opacity-0 p-2\\"></span><label id=\\"multi-select-label\\" class=\\"\\">Example label</label><span id=\\"input-description\\" class=\\"screen-reader-only\\"></span><div class=\\"screen-reader-only\\"><p>Selected items:</p><ul class=\\"screen-reader-only list-none\\" aria-live=\\"assertive\\" aria-atomic=\\"false\\" aria-relevant=\\"additions removals\\"></ul></div><div class=\\"c-autocomplete--multi relative\\"><div role=\\"combobox\\" aria-haspopup=\\"listbox\\" aria-expanded=\\"false\\" aria-owns=\\"listbox1\\" class=\\"c-autocomplete--multi__wrapper-border crayons-textfield flex items-center  cursor-text\\"><ul id=\\"combo-selected\\" class=\\"list-none flex flex-wrap w-100\\"><li class=\\"self-center\\" style=\\"order: 1;\\"><input autocomplete=\\"off\\" class=\\"c-autocomplete--multi__input\\" aria-autocomplete=\\"list\\" aria-labelledby=\\"multi-select-label selected-items-list\\" aria-describedby=\\"input-description\\" aria-disabled=\\"false\\" type=\\"text\\" placeholder=\\"Add...\\"></li></ul></div></div>"`;

exports[`<MultiSelectAutocomplete /> renders with customisation 1`] = `"<span aria-hidden=\\"true\\" class=\\"absolute pointer-events-none opacity-0 p-2\\"></span><label id=\\"multi-select-label\\" class=\\"screen-reader-only\\">Example label</label><span id=\\"input-description\\" class=\\"screen-reader-only\\"></span><div class=\\"screen-reader-only\\"><p>Selected items:</p><ul class=\\"screen-reader-only list-none\\" aria-live=\\"assertive\\" aria-atomic=\\"false\\" aria-relevant=\\"additions removals\\"></ul></div><div class=\\"c-autocomplete--multi relative\\"><div role=\\"combobox\\" aria-haspopup=\\"listbox\\" aria-expanded=\\"false\\" aria-owns=\\"listbox1\\" class=\\"c-autocomplete--multi__wrapper border-none p-0 flex items-center  cursor-text\\"><ul id=\\"combo-selected\\" class=\\"list-none flex flex-wrap w-100\\"><li class=\\"self-center\\" style=\\"order: 1;\\"><input id=\\"example-input-id\\" autocomplete=\\"off\\" class=\\"c-autocomplete--multi__input\\" aria-autocomplete=\\"list\\" aria-labelledby=\\"multi-select-label selected-items-list\\" aria-describedby=\\"input-description\\" aria-disabled=\\"false\\" type=\\"text\\" placeholder=\\"Example placeholder\\"></li></ul></div></div>"`;

exports[`<MultiSelectAutocomplete /> renders with default values 1`] = `"<span aria-hidden=\\"true\\" class=\\"absolute pointer-events-none opacity-0 p-2\\"></span><label id=\\"multi-select-label\\" class=\\"\\">Example label</label><span id=\\"input-description\\" class=\\"screen-reader-only\\"></span><div class=\\"screen-reader-only\\"><p>Selected items:</p><ul class=\\"screen-reader-only list-none\\" aria-live=\\"assertive\\" aria-atomic=\\"false\\" aria-relevant=\\"additions removals\\"></ul></div><div class=\\"c-autocomplete--multi relative\\"><div role=\\"combobox\\" aria-haspopup=\\"listbox\\" aria-expanded=\\"false\\" aria-owns=\\"listbox1\\" class=\\"c-autocomplete--multi__wrapper-border crayons-textfield flex items-center  cursor-text\\"><ul id=\\"combo-selected\\" class=\\"list-none flex flex-wrap w-100\\"><li class=\\"c-autocomplete--multi__selection-list-item w-max\\" style=\\"order: 1;\\"><div role=\\"group\\" aria-label=\\"Default one\\" class=\\"flex mr-1 mb-1 w-max\\"><button type=\\"button\\" class=\\"c-btn c-btn--secondary c-autocomplete--multi__selected p-1 cursor-text\\" aria-label=\\"Edit Default one\\">Default one</button><button type=\\"button\\" class=\\"c-btn c-btn--secondary c-autocomplete--multi__selected p-1\\" aria-label=\\"Remove Default one\\"><svg class=\\"crayons-icon\\" width=\\"24\\" height=\\"24\\" viewBox=\\"0 0 24 24\\" xmlns=\\"http://www.w3.org/2000/svg\\"><path d=\\"m12 10.586 4.95-4.95 1.414 1.414-4.95 4.95 4.95 4.95-1.414 1.414-4.95-4.95-4.95 4.95-1.414-1.414 4.95-4.95-4.95-4.95L7.05 5.636l4.95 4.95z\\"></path></svg></button></div></li><li class=\\"c-autocomplete--multi__selection-list-item w-max\\" style=\\"order: 2;\\"><div role=\\"group\\" aria-label=\\"Default two\\" class=\\"flex mr-1 mb-1 w-max\\"><button type=\\"button\\" class=\\"c-btn c-btn--secondary c-autocomplete--multi__selected p-1 cursor-text\\" aria-label=\\"Edit Default two\\">Default two</button><button type=\\"button\\" class=\\"c-btn c-btn--secondary c-autocomplete--multi__selected p-1\\" aria-label=\\"Remove Default two\\"><svg class=\\"crayons-icon\\" width=\\"24\\" height=\\"24\\" viewBox=\\"0 0 24 24\\" xmlns=\\"http://www.w3.org/2000/svg\\"><path d=\\"m12 10.586 4.95-4.95 1.414 1.414-4.95 4.95 4.95 4.95-1.414 1.414-4.95-4.95-4.95 4.95-1.414-1.414 4.95-4.95-4.95-4.95L7.05 5.636l4.95 4.95z\\"></path></svg></button></div></li><li class=\\"self-center\\" style=\\"order: 3;\\"><input autocomplete=\\"off\\" class=\\"c-autocomplete--multi__input\\" aria-autocomplete=\\"list\\" aria-labelledby=\\"multi-select-label selected-items-list\\" aria-describedby=\\"input-description\\" aria-disabled=\\"false\\" type=\\"text\\" placeholder=\\"Add another...\\"></li></ul></div></div>"`;
