// Jest Snapshot v1, https://goo.gl/fbAQLP

exports[`<MentionAutocompleteTextArea /> should render 1`] = `"<div aria-live=\\"polite\\" class=\\"screen-reader-only\\"></div><div id=\\"combobox-container\\" data-testid=\\"autocomplete-wrapper\\" class=\\"crayons-autocomplete\\" data-reach-combobox=\\"\\" data-state=\\"idle\\"><textarea aria-autocomplete=\\"both\\" aria-controls=\\"listbox--combobox-container\\" aria-expanded=\\"false\\" aria-haspopup=\\"listbox\\" aria-label=\\"test text area\\" role=\\"combobox\\" data-gramm_editor=\\"false\\" data-mention-autocomplete-active=\\"true\\" data-reach-combobox-input=\\"\\" data-state=\\"idle\\" id=\\"test-text-area\\" style=\\"font: -webkit-small-control; text-rendering: auto; letter-spacing: normal; word-spacing: normal; line-height: normal; text-transform: none; text-indent: 0; text-shadow: none; display: inline-block; text-align: start; background-color: white; border: 1px solid; flex-direction: column; resize: auto; cursor: auto; padding: 2px; white-space: pre-wrap; word-wrap: break-word; visibility: visible; transition: none;\\" class=\\"hidden\\"></textarea><textarea data-gramm_editor=\\"false\\" data-mention-autocomplete-active=\\"true\\" aria-label=\\"test text area\\" id=\\"test-text-area\\" style=\\"font: -webkit-small-control; text-rendering: auto; letter-spacing: normal; word-spacing: normal; line-height: normal; text-transform: none; text-indent: 0; text-shadow: none; display: inline-block; text-align: start; background-color: white; border: 1px solid; flex-direction: column; resize: auto; cursor: auto; padding: 2px; white-space: pre-wrap; word-wrap: break-word; visibility: visible; transition: none;\\"></textarea></div>"`;
