// Jest Snapshot v1, https://goo.gl/fbAQLP

exports[`<ColorPicker /> should render 1`] = `"<div class=\\"c-color-picker relative\\"><button type=\\"button\\" class=\\"c-btn c-btn c-color-picker__swatch absolute\\" id=\\"color-popover-btn-color-picker\\" style=\\"background-color: rgb(0, 0, 0);\\" aria-label=\\"Choose a color\\" aria-expanded=\\"false\\" aria-controls=\\"color-popover-color-picker\\" aria-haspopup=\\"true\\"></button><input id=\\"color-picker\\" class=\\"c-color-picker__input crayons-textfield\\" aria-label=\\"Choose a color\\" spellcheck=\\"false\\"><div id=\\"color-popover-color-picker\\" class=\\"c-color-picker__popover crayons-dropdown absolute p-0\\"><div class=\\"react-colorful\\"><div class=\\"react-colorful__saturation\\" style=\\"background-color: rgb(255, 0, 0);\\"><div aria-label=\\"Color\\" aria-valuetext=\\"Saturation 0%, Brightness 0%\\" class=\\"react-colorful__interactive\\" tabindex=\\"0\\" role=\\"slider\\"><div class=\\"react-colorful__pointer react-colorful__saturation-pointer\\" style=\\"top: 100%; left: 0%;\\"><div class=\\"react-colorful__pointer-fill\\" style=\\"background-color: rgb(0, 0, 0);\\"></div></div></div></div><div class=\\"react-colorful__hue react-colorful__last-control\\"><div aria-label=\\"Hue\\" aria-valuetext=\\"0\\" class=\\"react-colorful__interactive\\" tabindex=\\"0\\" role=\\"slider\\"><div class=\\"react-colorful__pointer react-colorful__hue-pointer\\" style=\\"top: 50%; left: 0%;\\"><div class=\\"react-colorful__pointer-fill\\" style=\\"background-color: rgb(255, 0, 0);\\"></div></div></div></div></div></div></div>"`;

exports[`<ColorPicker /> should render with a default value 1`] = `"<div class=\\"c-color-picker relative\\"><button type=\\"button\\" class=\\"c-btn c-btn c-color-picker__swatch absolute\\" id=\\"color-popover-btn-color-picker\\" style=\\"background-color: rgb(171, 171, 171);\\" aria-label=\\"Choose a color\\" aria-expanded=\\"false\\" aria-controls=\\"color-popover-color-picker\\" aria-haspopup=\\"true\\"></button><input id=\\"color-picker\\" class=\\"c-color-picker__input crayons-textfield\\" aria-label=\\"Choose a color\\" spellcheck=\\"false\\"><div id=\\"color-popover-color-picker\\" class=\\"c-color-picker__popover crayons-dropdown absolute p-0\\"><div class=\\"react-colorful\\"><div class=\\"react-colorful__saturation\\" style=\\"background-color: rgb(255, 0, 0);\\"><div aria-label=\\"Color\\" aria-valuetext=\\"Saturation 0%, Brightness 67%\\" class=\\"react-colorful__interactive\\" tabindex=\\"0\\" role=\\"slider\\"><div class=\\"react-colorful__pointer react-colorful__saturation-pointer\\" style=\\"top: 32.99999999999999%; left: 0%;\\"><div class=\\"react-colorful__pointer-fill\\" style=\\"background-color: rgb(171, 171, 171);\\"></div></div></div></div><div class=\\"react-colorful__hue react-colorful__last-control\\"><div aria-label=\\"Hue\\" aria-valuetext=\\"0\\" class=\\"react-colorful__interactive\\" tabindex=\\"0\\" role=\\"slider\\"><div class=\\"react-colorful__pointer react-colorful__hue-pointer\\" style=\\"top: 50%; left: 0%;\\"><div class=\\"react-colorful__pointer-fill\\" style=\\"background-color: rgb(255, 0, 0);\\"></div></div></div></div></div></div></div>"`;
