// Jest Snapshot v1, https://goo.gl/fbAQLP

exports[`<Article /> component should render a rich feed 1`] = `
Object {
  "asFragment": [Function],
  "baseElement": <body>
    <div>
      <article
        class="crayons-story cursor-pointer crayons-story--featured"
        data-content-user-id="23289"
        id="featured-story-marker"
      >
        <a
          aria-labelledby="article-link-62407"
          class="crayons-story__hidden-navigation-link"
          href="/some-post/path"
        >
          Unbranded Home Loan Account
        </a>
        <div
          role="presentation"
        >
          <a
            class="crayons-story__cover"
            href="/some-post/path"
            style="background-image: url(/images/10.png);"
            title="Unbranded Home Loan Account"
          >
            <span
              class="hidden"
            >
              Unbranded Home Loan Account
            </span>
          </a>
          <div
            class="crayons-story__body"
          >
            <div
              class="crayons-story__top"
            >
              <div
                class="crayons-story__meta"
              >
                <div
                  class="crayons-story__author-pic"
                >
                  <a
                    class="crayons-avatar crayons-avatar--l"
                    href="/Emil99"
                  >
                    <img
                      alt="Emil99 profile"
                      class="crayons-avatar__image"
                      loading="lazy"
                      src="/images/10.png"
                    />
                  </a>
                </div>
                <div>
                  <div>
                    <a
                      class="crayons-story__secondary fw-medium m:hidden"
                      href="/Emil99"
                    >
                      Stella Macejkovic
                    </a>
                    <div
                      class="profile-preview-card relative mb-4 s:mb-0 fw-medium hidden m:inline-block"
                    >
                      <button
                        aria-controls="story-author-preview-content-62407"
                        aria-label="Stella Macejkovic profile details"
                        class="profile-preview-card__trigger fs-s p-1 crayons-btn crayons-btn--ghost -ml-1 -my-2"
                        id="story-author-preview-trigger-62407"
                      >
                        Stella Macejkovic
                      </button>
                      <div
                        class="profile-preview-card__content crayons-dropdown p-4 pt-0 branded-7"
                        data-repositioning-dropdown="true"
                        data-testid="profile-preview-card"
                        id="story-author-preview-content-62407"
                        style=""
                      >
                        <div
                          class="gap-4 grid"
                        >
                          <div
                            class="-mt-4"
                          >
                            <a
                              class="flex"
                              href="/Emil99"
                            >
                              <span
                                class="crayons-avatar crayons-avatar--xl mr-2 shrink-0"
                              >
                                <img
                                  alt=""
                                  class="crayons-avatar__image"
                                  loading="lazy"
                                  src="/images/10.png"
                                />
                              </span>
                              <span
                                class="crayons-link crayons-subtitle-2 mt-5"
                              >
                                Stella Macejkovic
                              </span>
                            </a>
                          </div>
                          <div
                            class="print-hidden"
                          >
                            <button
                              class="c-btn c-btn--primary follow-action-button follow-user w-100"
                              data-info="{\\"id\\":23289,\\"className\\":\\"User\\",\\"name\\":\\"Stella Macejkovic\\",\\"style\\":\\"full\\"}"
                              type="button"
                            >
                              Follow
                            </button>
                          </div>
                          <div
                            class="author-preview-metadata-container"
                            data-author-id="23289"
                          />
                        </div>
                      </div>
                    </div>
                  </div>
                  <a
                    class="crayons-story__tertiary fs-xs"
                    href="/some-post/path"
                  >
                    <time
                      datetime="Tue, 18 Feb 2020 14:59:24 GMT"
                    >
                      February 18
                       (just now)
                    </time>
                  </a>
                </div>
              </div>
            </div>
            <div
              class="crayons-story__indention"
            >
              <h3
                class="crayons-story__title"
              >
                <a
                  href="/some-post/path"
                  id="article-link-62407"
                >
                  <span>
                    Unbranded Home Loan Account
                  </span>
                </a>
              </h3>
              <div
                class="crayons-story__tags"
              >
                <a
                  class="crayons-tag crayons-tag--filled"
                  href="/t/javascript"
                  style="--tag-bg: #0000001a; --tag-prefix: #000000; --tag-bg-hover: #0000001a; --tag-prefix-hover: #000000;"
                >
                  <span
                    class="crayons-tag__prefix"
                  >
                    #
                  </span>
                  javascript
                </a>
                <a
                  class="crayons-tag"
                  href="/t/ruby"
                >
                  <span
                    class="crayons-tag__prefix"
                  >
                    #
                  </span>
                  ruby
                </a>
                <a
                  class="crayons-tag"
                  href="/t/go"
                >
                  <span
                    class="crayons-tag__prefix"
                  >
                    #
                  </span>
                  go
                </a>
              </div>
              <div
                class="crayons-story__bottom"
              >
                <div
                  class="crayons-story__details"
                >
                  <a
                    aria-label="Comments for post Unbranded Home Loan Account (0)"
                    class="crayons-btn crayons-btn--ghost crayons-btn--s crayons-btn--icon-left"
                    data-testid="add-a-comment"
                    href="/some-post/path#comments"
                  >
                    <svg
                      class="crayons-icon"
                      height="24"
                      width="24"
                      xmlns="http://www.w3.org/2000/svg"
                    >
                      <path
                        d="M10.5 5h3a6 6 0 110 12v2.625c-3.75-1.5-9-3.75-9-8.625a6 6 0 016-6zM12 15.5h1.5a4.501 4.501 0 001.722-8.657A4.5 4.5 0 0013.5 6.5h-3A4.5 4.5 0 006 11c0 2.707 1.846 4.475 6 6.36V15.5z"
                      />
                    </svg>
                    <span
                      class="inline s:hidden"
                    >
                      0
                    </span>
                    <span
                      class="hidden s:inline"
                    >
                      [missing "en.core.add_comment" translation]
                    </span>
                  </a>
                </div>
                <div
                  class="crayons-story__save"
                >
                  <small
                    class="crayons-story__tertiary mr-2"
                  >
                    1 min read
                  </small>
                  <button
                    class="crayons-btn crayons-btn--s crayons-btn--secondary"
                    data-initial-feed="true"
                    data-reactable-id="62407"
                    id="article-save-button-62407"
                    type="button"
                  >
                    Save
                  </button>
                </div>
              </div>
            </div>
          </div>
        </div>
      </article>
    </div>
  </body>,
  "container": <div>
    <article
      class="crayons-story cursor-pointer crayons-story--featured"
      data-content-user-id="23289"
      id="featured-story-marker"
    >
      <a
        aria-labelledby="article-link-62407"
        class="crayons-story__hidden-navigation-link"
        href="/some-post/path"
      >
        Unbranded Home Loan Account
      </a>
      <div
        role="presentation"
      >
        <a
          class="crayons-story__cover"
          href="/some-post/path"
          style="background-image: url(/images/10.png);"
          title="Unbranded Home Loan Account"
        >
          <span
            class="hidden"
          >
            Unbranded Home Loan Account
          </span>
        </a>
        <div
          class="crayons-story__body"
        >
          <div
            class="crayons-story__top"
          >
            <div
              class="crayons-story__meta"
            >
              <div
                class="crayons-story__author-pic"
              >
                <a
                  class="crayons-avatar crayons-avatar--l"
                  href="/Emil99"
                >
                  <img
                    alt="Emil99 profile"
                    class="crayons-avatar__image"
                    loading="lazy"
                    src="/images/10.png"
                  />
                </a>
              </div>
              <div>
                <div>
                  <a
                    class="crayons-story__secondary fw-medium m:hidden"
                    href="/Emil99"
                  >
                    Stella Macejkovic
                  </a>
                  <div
                    class="profile-preview-card relative mb-4 s:mb-0 fw-medium hidden m:inline-block"
                  >
                    <button
                      aria-controls="story-author-preview-content-62407"
                      aria-label="Stella Macejkovic profile details"
                      class="profile-preview-card__trigger fs-s p-1 crayons-btn crayons-btn--ghost -ml-1 -my-2"
                      id="story-author-preview-trigger-62407"
                    >
                      Stella Macejkovic
                    </button>
                    <div
                      class="profile-preview-card__content crayons-dropdown p-4 pt-0 branded-7"
                      data-repositioning-dropdown="true"
                      data-testid="profile-preview-card"
                      id="story-author-preview-content-62407"
                      style=""
                    >
                      <div
                        class="gap-4 grid"
                      >
                        <div
                          class="-mt-4"
                        >
                          <a
                            class="flex"
                            href="/Emil99"
                          >
                            <span
                              class="crayons-avatar crayons-avatar--xl mr-2 shrink-0"
                            >
                              <img
                                alt=""
                                class="crayons-avatar__image"
                                loading="lazy"
                                src="/images/10.png"
                              />
                            </span>
                            <span
                              class="crayons-link crayons-subtitle-2 mt-5"
                            >
                              Stella Macejkovic
                            </span>
                          </a>
                        </div>
                        <div
                          class="print-hidden"
                        >
                          <button
                            class="c-btn c-btn--primary follow-action-button follow-user w-100"
                            data-info="{\\"id\\":23289,\\"className\\":\\"User\\",\\"name\\":\\"Stella Macejkovic\\",\\"style\\":\\"full\\"}"
                            type="button"
                          >
                            Follow
                          </button>
                        </div>
                        <div
                          class="author-preview-metadata-container"
                          data-author-id="23289"
                        />
                      </div>
                    </div>
                  </div>
                </div>
                <a
                  class="crayons-story__tertiary fs-xs"
                  href="/some-post/path"
                >
                  <time
                    datetime="Tue, 18 Feb 2020 14:59:24 GMT"
                  >
                    February 18
                     (just now)
                  </time>
                </a>
              </div>
            </div>
          </div>
          <div
            class="crayons-story__indention"
          >
            <h3
              class="crayons-story__title"
            >
              <a
                href="/some-post/path"
                id="article-link-62407"
              >
                <span>
                  Unbranded Home Loan Account
                </span>
              </a>
            </h3>
            <div
              class="crayons-story__tags"
            >
              <a
                class="crayons-tag crayons-tag--filled"
                href="/t/javascript"
                style="--tag-bg: #0000001a; --tag-prefix: #000000; --tag-bg-hover: #0000001a; --tag-prefix-hover: #000000;"
              >
                <span
                  class="crayons-tag__prefix"
                >
                  #
                </span>
                javascript
              </a>
              <a
                class="crayons-tag"
                href="/t/ruby"
              >
                <span
                  class="crayons-tag__prefix"
                >
                  #
                </span>
                ruby
              </a>
              <a
                class="crayons-tag"
                href="/t/go"
              >
                <span
                  class="crayons-tag__prefix"
                >
                  #
                </span>
                go
              </a>
            </div>
            <div
              class="crayons-story__bottom"
            >
              <div
                class="crayons-story__details"
              >
                <a
                  aria-label="Comments for post Unbranded Home Loan Account (0)"
                  class="crayons-btn crayons-btn--ghost crayons-btn--s crayons-btn--icon-left"
                  data-testid="add-a-comment"
                  href="/some-post/path#comments"
                >
                  <svg
                    class="crayons-icon"
                    height="24"
                    width="24"
                    xmlns="http://www.w3.org/2000/svg"
                  >
                    <path
                      d="M10.5 5h3a6 6 0 110 12v2.625c-3.75-1.5-9-3.75-9-8.625a6 6 0 016-6zM12 15.5h1.5a4.501 4.501 0 001.722-8.657A4.5 4.5 0 0013.5 6.5h-3A4.5 4.5 0 006 11c0 2.707 1.846 4.475 6 6.36V15.5z"
                    />
                  </svg>
                  <span
                    class="inline s:hidden"
                  >
                    0
                  </span>
                  <span
                    class="hidden s:inline"
                  >
                    [missing "en.core.add_comment" translation]
                  </span>
                </a>
              </div>
              <div
                class="crayons-story__save"
              >
                <small
                  class="crayons-story__tertiary mr-2"
                >
                  1 min read
                </small>
                <button
                  class="crayons-btn crayons-btn--s crayons-btn--secondary"
                  data-initial-feed="true"
                  data-reactable-id="62407"
                  id="article-save-button-62407"
                  type="button"
                >
                  Save
                </button>
              </div>
            </div>
          </div>
        </div>
      </div>
    </article>
  </div>,
  "debug": [Function],
  "findAllByAltText": [Function],
  "findAllByDisplayValue": [Function],
  "findAllByLabelText": [Function],
  "findAllByPlaceholderText": [Function],
  "findAllByRole": [Function],
  "findAllByTestId": [Function],
  "findAllByText": [Function],
  "findAllByTitle": [Function],
  "findByAltText": [Function],
  "findByDisplayValue": [Function],
  "findByLabelText": [Function],
  "findByPlaceholderText": [Function],
  "findByRole": [Function],
  "findByTestId": [Function],
  "findByText": [Function],
  "findByTitle": [Function],
  "getAllByAltText": [Function],
  "getAllByDisplayValue": [Function],
  "getAllByLabelText": [Function],
  "getAllByPlaceholderText": [Function],
  "getAllByRole": [Function],
  "getAllByTestId": [Function],
  "getAllByText": [Function],
  "getAllByTitle": [Function],
  "getByAltText": [Function],
  "getByDisplayValue": [Function],
  "getByLabelText": [Function],
  "getByPlaceholderText": [Function],
  "getByRole": [Function],
  "getByTestId": [Function],
  "getByText": [Function],
  "getByTitle": [Function],
  "queryAllByAltText": [Function],
  "queryAllByDisplayValue": [Function],
  "queryAllByLabelText": [Function],
  "queryAllByPlaceholderText": [Function],
  "queryAllByRole": [Function],
  "queryAllByTestId": [Function],
  "queryAllByText": [Function],
  "queryAllByTitle": [Function],
  "queryByAltText": [Function],
  "queryByDisplayValue": [Function],
  "queryByLabelText": [Function],
  "queryByPlaceholderText": [Function],
  "queryByRole": [Function],
  "queryByTestId": [Function],
  "queryByText": [Function],
  "queryByTitle": [Function],
  "rerender": [Function],
  "unmount": [Function],
}
`;
